--------------------------------------------------------------------------------
Release 14.7 Trace  (nt64)
Copyright (c) 1995-2013 Xilinx, Inc.  All rights reserved.

C:\Xilinx\14.7\ISE_DS\ISE\bin\nt64\unwrapped\trce.exe -intstyle ise -v 3 -s 3
-n 3 -fastpaths -xml Top.twx Top.ncd -o Top.twr Top.pcf -ucf Top.ucf

Design file:              Top.ncd
Physical constraint file: Top.pcf
Device,package,speed:     xc6slx16,csg324,C,-3 (PRODUCTION 1.23 2013-10-13)
Report level:             verbose report

Environment Variable      Effect 
--------------------      ------ 
NONE                      No environment variables were set
--------------------------------------------------------------------------------

INFO:Timing:2698 - No timing constraints found, doing default enumeration.
INFO:Timing:3412 - To improve timing, see the Timing Closure User Guide (UG612).
INFO:Timing:2752 - To get complete path coverage, use the unconstrained paths 
   option. All paths that are not constrained will be reported in the 
   unconstrained paths section(s) of the report.
INFO:Timing:3339 - The clock-to-out numbers in this timing report are based on 
   a 50 Ohm transmission line loading model.  For the details of this model, 
   and for more information on accounting for different loading conditions, 
   please see the device datasheet.



Data Sheet report:
-----------------
All values displayed in nanoseconds (ns)

Setup/Hold to clock clock
------------+------------+------------+------------+------------+------------------+--------+
            |Max Setup to|  Process   |Max Hold to |  Process   |                  | Clock  |
Source      | clk (edge) |   Corner   | clk (edge) |   Corner   |Internal Clock(s) | Phase  |
------------+------------+------------+------------+------------+------------------+--------+
reset       |    4.670(R)|      SLOW  |   -0.419(R)|      SLOW  |clock_IBUF_BUFG   |   0.000|
            |    5.163(F)|      SLOW  |   -2.399(F)|      FAST  |clock_IBUF_BUFG   |   0.000|
rx          |    2.051(R)|      SLOW  |   -0.886(R)|      FAST  |clock_IBUF_BUFG   |   0.000|
------------+------------+------------+------------+------------+------------------+--------+

Clock clock to Pad
----------------+-----------------+------------+-----------------+------------+------------------+--------+
                |Max (slowest) clk|  Process   |Min (fastest) clk|  Process   |                  | Clock  |
Destination     |  (edge) to PAD  |   Corner   |  (edge) to PAD  |   Corner   |Internal Clock(s) | Phase  |
----------------+-----------------+------------+-----------------+------------+------------------+--------+
current_state<0>|         8.769(F)|      SLOW  |         4.746(F)|      FAST  |clock_IBUF_BUFG   |   0.000|
current_state<1>|         8.848(F)|      SLOW  |         4.821(F)|      FAST  |clock_IBUF_BUFG   |   0.000|
current_state<2>|         8.556(F)|      SLOW  |         4.609(F)|      FAST  |clock_IBUF_BUFG   |   0.000|
dataSent        |         8.480(R)|      SLOW  |         4.508(R)|      FAST  |clock_IBUF_BUFG   |   0.000|
state_reg_tx<0> |         9.705(R)|      SLOW  |         5.343(R)|      FAST  |clock_IBUF_BUFG   |   0.000|
state_reg_tx<1> |         9.099(R)|      SLOW  |         4.913(R)|      FAST  |clock_IBUF_BUFG   |   0.000|
tx              |         9.466(R)|      SLOW  |         5.181(R)|      FAST  |clock_IBUF_BUFG   |   0.000|
----------------+-----------------+------------+-----------------+------------+------------------+--------+

Clock to Setup on destination clock clock
---------------+---------+---------+---------+---------+
               | Src:Rise| Src:Fall| Src:Rise| Src:Fall|
Source Clock   |Dest:Rise|Dest:Rise|Dest:Fall|Dest:Fall|
---------------+---------+---------+---------+---------+
clock          |    4.110|    3.090|    8.027|    6.465|
---------------+---------+---------+---------+---------+


Analysis completed Wed Jun 15 14:21:17 2016 
--------------------------------------------------------------------------------

Trace Settings:
-------------------------
Trace Settings 

Peak Memory Usage: 258 MB



